// Jest Snapshot v1, https://goo.gl/fbAQLP

exports[`Success test cases for: Loader component Snapshot test for Loader component Test to match the snapsot 1`] = `
<Fragment>
  <ForwardRef
    isOpen={false}
    onClose={[Function]}
  >
    <ForwardRef
      hasCloseButton={true}
      title="Create new data request"
    />
    <ForwardRef>
      <Form
        cmsData={
          Object {
            "actual": "actuals",
            "actualCapitalized": "Actual",
            "actualDataHint": "Number of months of actual productivity data",
            "actualDataLabel": "Actual Data",
            "assignToHint": "Only the person or team you assign this to will have access. Once you click 'Create' ,
  they will be sent email notifications asking them to fill in the data request.",
            "assignToLabel": "Assign To",
            "assignedTo": "Assigned to",
            "briefHint": "Tell us in detail what this data request is for, max 4000 characters",
            "briefLabel": "Briefing",
            "cancel": "Cancel",
            "close": "Close",
            "complete": "Complete",
            "completeLabel": "Complete",
            "create": "Create",
            "createNewDataRequest": "Create new data request",
            "datePlaceHolder": "Date",
            "delete": "Delete",
            "dueBy": "Due by",
            "dueDateHint": "Enter the date that you need this data request by",
            "dueDateLabel": "Due Date",
            "edit": "Edit",
            "editDataRequest": "Edit data request",
            "editRequest": "Edit request",
            "emptyCompletedProductivityDatarequestCaption": "No Productivity data requests have been moved to this section yet.",
            "emptyLabel": "Create new data request",
            "emptyProductivityDatarequestCaption": "There are currently no active Productivity data requests",
            "forecast": "forecast",
            "forecastCapitalized": "Forecast",
            "forecastDataHint": "Number of months of forecasted productivity data",
            "forecastDataLabel": "Forecast Data",
            "labelFileTypeNotAllowed": "File must be of type .xls, .xlsx, .csv, .xlsb, .xlsm, .xlt, .xltm, .xltx",
            "lastUpdate": "Last Update",
            "localMarketHint": "Choose the market you wish to create this data request for",
            "localMarketLabel": "Local Market",
            "moveToComplete": "Move to Complete",
            "moveToOnGoing": "Move to Ongoing",
            "nameHint": "Make sure it's clear to help others identify it.Max 255 characters",
            "nameLabel": "Data request name",
            "ongoing": "Ongoing",
            "ongoingLabel": "Ongoing",
            "overdue": "Overdue",
            "productivityDataRequested": "Productivity data requested",
            "productivityDatarequestCaption": " The ongoing and complete productivity data requests created for this client",
            "productivityDatarequestHeading": "Productivity data requests",
            "productivityRequest": "Productivity Request",
            "reportingYear": "Reporting year",
            "reportingYearHint": "The reporting year this data request is for",
            "reportingYearLabel": "Reporting year",
            "save": "Save",
            "selectPlaceHolder": "Please select",
            "showMore": "Show more",
            "templateFileHint": "Only .xls, .xlsx, .csv, .xlsb, .xlsm, .xlt, .xltm, .xltx files in 20mb or less",
            "templateFileLabel": "Add tracker template file",
            "trackerTemplate": "Tracker template",
            "upload": "Upload",
            "uploadButtonText": "Upload new file",
            "uploadFileLabel": "To upload a new file,drag and drop you file below or browse using the link",
            "uploadFileLargeMessage": "File must be less than 20MB",
            "viewClientsCaption": "Choose the client you wish to view",
            "viewClientsHeading": "My clients",
            "viewDetails": "View Details",
          }
        }
        errors={Object {}}
        handleChange={[Function]}
        handleSelectField={[Function]}
        monthOptions={
          Array [
            Object {
              "label": "0 months",
              "value": 0,
            },
            Object {
              "label": "1 month",
              "value": 1,
            },
            Object {
              "label": "2 months",
              "value": 2,
            },
            Object {
              "label": "3 months",
              "value": 3,
            },
            Object {
              "label": "4 months",
              "value": 4,
            },
            Object {
              "label": "5 months",
              "value": 5,
            },
            Object {
              "label": "6 months",
              "value": 6,
            },
            Object {
              "label": "7 months",
              "value": 7,
            },
            Object {
              "label": "8 months",
              "value": 8,
            },
            Object {
              "label": "9 months",
              "value": 9,
            },
            Object {
              "label": "10 months",
              "value": 10,
            },
            Object {
              "label": "11 months",
              "value": 11,
            },
            Object {
              "label": "12 months",
              "value": 12,
            },
          ]
        }
        options={
          Array [
            Object {
              "label": "Argentina",
              "value": "ARG",
            },
            Object {
              "label": "Australia",
              "value": "AUS",
            },
            Object {
              "label": "Belgium",
              "value": "BEL",
            },
            Object {
              "label": "United Kingdom",
              "value": "UK",
            },
            Object {
              "label": "USA",
              "value": "USA",
            },
            Object {
              "label": "France",
              "value": "FR",
            },
            Object {
              "label": "New Zealand",
              "value": "NZ",
            },
            Object {
              "label": "Singapore",
              "value": "SGP",
            },
            Object {
              "label": "Turkey",
              "value": "Tk",
            },
            Object {
              "label": "Italy",
              "value": "IT",
            },
          ]
        }
        reportingYear={
          Array [
            Object {
              "label": "April 2021  -  March 2022",
              "value": "April 2021  -  March 2022",
            },
            Object {
              "label": "April 2020  -  March 2021",
              "value": "April 2020  -  March 2021",
            },
            Object {
              "label": "April 2019  -  March 2020",
              "value": "April 2019  -  March 2020",
            },
          ]
        }
        values={
          Object {
            "actualData": "",
            "assignTo": "",
            "briefing": "",
            "dueDate": "",
            "forecastData": "",
            "localMarket": "UK",
            "name": "",
            "reportingYear": "",
          }
        }
      />
    </ForwardRef>
    <ForwardRef>
      <ForwardRef
        onClick={[Function]}
        variant="secondary"
      >
        Cancel
      </ForwardRef>
      <ForwardRef
        isLoading={false}
        onClick={[Function]}
      >
        Create
      </ForwardRef>
    </ForwardRef>
  </ForwardRef>
  <Stack
    flexDirection="row"
    justifyContent="space-between"
  >
    <Stack>
      <ForwardRef>
        <Subheading>
          Productivity data requests
        </Subheading>
        <ForwardRef
          isAssistive={true}
        >
           The ongoing and complete productivity data requests created for this client
        </ForwardRef>
      </ForwardRef>
    </Stack>
    <ForwardRef
      iconLeft="add"
      onClick={[Function]}
      variant="secondary"
    >
      Create new data request
    </ForwardRef>
  </Stack>
</Fragment>
`;
